thena spine> :infer Type
Type (?ℓ1) : Type (suc ?ℓ1)
thena spine> :infer Type -> Type
Type (?ℓ2) -> Type (?ℓ3) : Type (suc ?ℓ2 ⊔ suc ?ℓ3)
thena spine> :convert Type ≟ Type₀
Type (?ℓ6) ≟ Type₀   yes
  provided ?ℓ6 ≤ 0
  provided 0 ≤ ?ℓ6
thena spine> :theorem lift : Type₁
proving lift : Type₁
thena spine> try-core ⌜ Type ⌝
thena spine> solve
thena spine> qed
lift : Type₁   ∎
thena spine> :show lift
lift : Type₁
lift = let lift = Type₀ : Type₁ in lift
thena spine> :theorem undetermined : Type
proving undetermined : Type (?ℓ10)
thena spine> try-core ⌜ Type₀ ⌝
thena spine> solve
thena spine> :revalidate
valid
thena spine> qed
undetermined {ℓ₁₂} : (1 ≤ ℓ₁₂) ⊢ Type (ℓ₁₂)   ∎
thena spine> :show undetermined
undetermined {ℓ₁₂} : (1 ≤ ℓ₁₂) ⊢ Type (ℓ₁₂)
undetermined = let undetermined = Type₀ : Type (ℓ₁₂) in undetermined
thena spine> :theorem crossed : Type₀
proving crossed : Type₀
thena spine> try-core ⌜ (\ (x : Type) -> x) Type₀ ⌝
thena spine> solve
thena spine> :revalidate
1 is not at most 0
thena spine> qed
the kernel refused it
1 is not at most 0
thena spine> :abandon
abandoned crossed
thena spine> claim h : Type -> Type
claimed h
thena spine> unify \ (x : Type) -> x ≟ \ (x : Type₀) -> x
solved: ?ℓ24
thena spine> :show
  let ? h : Type (?ℓ19) -> Type (?ℓ20) in
▶ let ? goal : Type₀ in
  goal
thena spine> data Box : Type where { }
declared Box
thena spine> :show Box
data Box {ℓ₃₀} : Type (ℓ₃₀) where { }
thena spine> :quit
