thena spine> data Bool : Type₀ where { true : Bool ; false : Bool }
declared Bool
thena spine> data Maybe (A : Type₀) : Type₀ where { Nothing : Maybe A ; Just : ∀ (a : A) -> Maybe A }
declared Maybe
thena spine> :theorem g : Maybe Bool
proving g : Maybe Bool
thena spine> :matches
attack
try-core ‹t›
abandon
eliminate-core ‹t›
prove
elaborate ‹t›
fill ‹t›
unify-refine-core ‹t›
apply-core ‹f›
thena spine> apply-core ⌜ Just ⌝
solved: A
thena spine> :show
  let A = Bool : Type₀ in
  let ? a : A in
  let refined = Just A a : Maybe A in
▶ let g = refined : Maybe Bool in
  g
thena spine> goto a
thena spine> apply-core ⌜ true ⌝
already equal
thena spine> :show
  let A = Bool : Type₀ in
  let refined1 = true : Bool in
▶ let a = refined1 : A in
  let refined = Just A a : Maybe A in
  let g = refined : Maybe Bool in
  g
thena spine> qed
g : Maybe Bool   ∎
thena spine> :show g
g : Maybe Bool
g = let A = Bool : Type₀ in let refined1 = true : Bool in let a = refined1 : A in let refined = Just A a : Maybe A in let g = refined : Maybe Bool in g
thena spine> :theorem ap2 : ∀ (A : Type₀) (f : A -> A -> A) (x : A) -> A
proving ap2 : ∀ (A : Type₀) -> (A -> A -> A) -> A -> A
thena spine> attack
thena spine> intro
thena spine> intro
thena spine> intro
thena spine> into
thena spine> along
thena spine> along
thena spine> along
thena spine> apply-core ⌜ f ⌝
already equal
thena spine> :show
  let ? ap2 : ∀ (A : Type₀) -> (A -> A -> A) -> A -> A ≐ (
    λ (A : Type₀) ->
    λ (f : A -> A -> A) ->
    λ (x : A) ->
    let ? _ : A in
    let ? _1 : A in
    let refined = f _ _1 : A in
▶   let ap21 = refined : A in
    ap21
  ) in
  ap2
thena spine> goto _
thena spine> :where
focus
  let ? _ : A in
path
  root ▸ ≐ ap2 ▸ A ▸ f ▸ x
context
  A : Type₀
  f : A -> A -> A
  x : A
type
  A
thena spine> :abandon
abandoned ap2
thena spine> :theorem bad : Bool
proving bad : Bool
thena spine> apply-core ⌜ Just ⌝
stuck: Maybe A and Bool cannot be made equal
thena spine> :show
▶ let ? bad : Bool in
  bad
thena spine> :undo
nothing to undo
thena spine> apply-core ⌜ true ⌝
already equal
thena spine> qed
bad : Bool   ∎
thena spine> :goal Maybe Bool
▶ let ? goal : Maybe Bool in
  goal
thena spine> apply-core ⌜ Just ⌝
solved: A
thena spine> :show
  let A = Bool : Type₀ in
  let ? a : A in
  let refined = Just A a : Maybe A in
▶ let goal = refined : Maybe Bool in
  goal
thena spine> apply-core ⌜ Nothing ⌝
stuck: no clause of apply-core applies here
thena spine> :show
  let A = Bool : Type₀ in
  let ? a : A in
  let refined = Just A a : Maybe A in
▶ let goal = refined : Maybe Bool in
  goal
thena spine> :undo
▶ let ? goal : Maybe Bool in
  goal
thena spine> :show
▶ let ? goal : Maybe Bool in
  goal
thena spine> :undo
▶ let ? goal : Type₀ in
  goal
thena spine> :goal ∀ (b : Bool) -> Maybe Bool
▶ let ? goal : Bool -> Maybe Bool in
  goal
thena spine> apply-core ⌜ Just ⌝
stuck: Maybe A and Bool -> Maybe Bool cannot be made equal
thena spine> :show
▶ let ? goal : Bool -> Maybe Bool in
  goal
thena spine> :theorem h : ∀ (b : Bool) -> Maybe Bool
proving h : Bool -> Maybe Bool
thena spine> apply-core ⌜ Just ⌝
stuck: Maybe A and Bool -> Maybe Bool cannot be made equal
thena spine> assume q : Bool
assumed q
thena spine> apply-core ⌜ Just ⌝
stuck: Maybe A and Bool -> Maybe Bool cannot be made equal
thena spine> :abandon
abandoned h
thena spine> :theorem h : ∀ (b : Bool) -> Maybe Bool
proving h : Bool -> Maybe Bool
thena spine> attack
thena spine> intro
thena spine> into
thena spine> along
thena spine> :where
focus
  let ? h1 : Maybe Bool in
path
  root ▸ ≐ h ▸ b
context
  b : Bool
type
  Maybe Bool
thena spine> apply-core ⌜ Just ⌝
solved: A
thena spine> goto a
thena spine> apply-core ⌜ b ⌝
already equal
thena spine> goto h
thena spine> solve
thena spine> qed
h : Bool -> Maybe Bool   ∎
thena spine> :show h
h : Bool -> Maybe Bool
h = let h = λ (b : Bool) -> let A = Bool : Type₀ in let refined = b : Bool in let a = refined : A in let refined1 = Just A a : Maybe A in let h1 = refined1 : Maybe Bool in h1 : Bool -> Maybe Bool in h
thena spine> :theorem guessed : Bool
proving guessed : Bool
thena spine> attack
thena spine> apply-core ⌜ true ⌝
stuck: no clause of apply-core applies here
thena spine> :abandon
abandoned guessed
