thena spine> assume A : Type₀
assumed A
thena spine> :goal A -> A
  λ (A : Type₀) ->
▶ let ? goal : A -> A in
  goal
thena spine> :show
  λ (A : Type₀) ->
▶ let ? goal : A -> A in
  goal
thena spine> assume : A
name for the assumption? it will have type A
> x
assumed x
thena spine> :show
  λ (A : Type₀) ->
  λ (x : A) ->
▶ let ? goal : A -> A in
  goal
thena spine> :core A
A
thena spine> :quit
