module Canonical
  declared Term
  declared Ty
  declared NV
  declared Value
  declared HasType
  declared Or
  declared absurd
  declared trueNotNat
  declared falseNotNat
  declared zeroNotBool
  declared succNotBool
  declared nvNotBool
  declared canonicalBool
  declared canonicalNat
warning: no noConfusionNV: nvSucc's argument 2 (n) has a type that depends on an earlier argument, so its equation cannot be stated
warning: no noConfusionValue: vNat's argument 2 (n) has a type that depends on an earlier argument, so its equation cannot be stated
warning: no noConfusionHasType: tIf's argument 5 (d1) has a type that depends on an earlier argument, so its equation cannot be stated
