thena spine> data Nat : Type₀ where { zero : Nat ; succ : Nat -> Nat }
declared Nat
thena spine> declare one : Nat ; one = succ zero
solved: ?ℓ2
already equal
already equal
thena spine> :show one
one : Nat
one = let refined = zero : Nat in let a0 = refined : Nat in let refined1 = succ a0 : Nat in let goal = refined1 : Nat in goal
thena spine> declare idn : Nat -> Nat ; idn = \ n -> n
solved: ?ℓ12
solved: ?ℓ15
solved: ?ℓ16
already equal
thena spine> :show idn
idn : Nat -> Nat
idn = let goal = λ (n : Nat) -> let refined = n : Nat in let goal1 = refined : Nat in goal1 : Nat -> Nat in goal
thena spine> declare two : Nat ; two = succ one
solved: ?ℓ34
already equal
already equal
thena spine> declare lonely : Nat
lonely has a type but no definition — write lonely = ‹term› after it
thena spine> declare stray = zero
stray has a definition but no type — write stray : ‹type› before it
thena spine> declare bad : Nat -> Nat ; bad = zero
solved: ?ℓ44
solved: ?ℓ47
solved: ?ℓ48
stuck: Nat and Nat -> Nat cannot be made equal
thena spine> declare data Bool : Type₀ where { true : Bool ; false : Bool }
solved: ?ℓ62
solved: ?ℓ62
solved: ?ℓ62
thena spine> :show Bool
data Bool : Type₀ where
  { true : Bool
  ; false : Bool }
thena spine> declare data Box (A : Type₀) : Type₀ where { box : A -> Box A }
solved: ?ℓ77
solved: ?ℓ82
solved: ?ℓ93
solved: ?ℓ98
solved: ?ℓ102
already equal
solved: ?ℓ103
thena spine> :show Box
data Box (A : Type₀) : Type₀ where
  { box : A -> Box A }
thena spine> :quit
