module Determinacy
  declared Term
  declared NV
  declared Step
  declared absurd
  declared sym
  declared subst
  declared cong
  declared trans
  declared trueNoStep
  declared falseNoStep
  declared zeroNoStep
  declared succNoStep
  declared nvNoStep
  declared invIfTrue
  declared invIfFalse
  declared invIf
  declared invSucc
  declared invPredZero
  declared invPredSucc
  declared invPred
  declared invIsZeroZero
  declared invIsZeroSucc
  declared invIsZero
  declared determinacy
warning: no noConfusionNV: nvSucc's argument 2 (n) has a type that depends on an earlier argument, so its equation cannot be stated
warning: no noConfusionStep: eIf's argument 5 (s) has a type that depends on an earlier argument, so its equation cannot be stated
