thena spine> :theorem const : ∀ (A : Type₀) (a : A) -> A
proving const : ∀ (A : Type₀) -> A -> A
thena spine> attack
thena spine> intro
thena spine> intro
thena spine> into
thena spine> along
thena spine> along
thena spine> :where
focus
  let ? const1 : A in
path
  root ▸ ≐ const ▸ A ▸ a
context
  A : Type₀
  a : A
type
  A
thena spine> :matches
attack
try-core ‹t›
abandon
eliminate-core ‹t›
prove
elaborate ‹t›
fill-core ‹t›
unify-refine-core ‹t›
apply-core ‹f›
thena spine> elaborate a
already equal
thena spine> :show
  let ? const : ∀ (A : Type₀) -> A -> A ≐ (
    λ (A : Type₀) ->
    λ (a : A) ->
    let refined = a : A in
▶   let const1 = refined : A in
    const1
  ) in
  const
thena spine> back
thena spine> back
thena spine> back
thena spine> back
thena spine> solve
thena spine> qed
const : ∀ (A : Type₀) -> A -> A   ∎
thena spine> :show const
const : ∀ (A : Type₀) -> A -> A
const = let const = λ (A : Type₀) (a : A) -> let refined = a : A in let const1 = refined : A in const1 : ∀ (A : Type₀) -> A -> A in const
thena spine> :theorem again : ∀ (A : Type₀) (a : A) -> A
proving again : ∀ (A : Type₀) -> A -> A
thena spine> attack
thena spine> intro
thena spine> intro
thena spine> into
thena spine> along
thena spine> along
thena spine> elaborate b
stuck: not in scope: b
thena spine> elaborate (a a)
stuck: that head does not take that many arguments
thena spine> :abandon
abandoned again
thena spine> :theorem shown : ∀ (A : Type₀) (a : A) -> A
proving shown : ∀ (A : Type₀) -> A -> A
thena spine> attack
thena spine> intro
thena spine> intro
thena spine> into
thena spine> along
thena spine> along
thena spine> :step on
thena spine> elaborate a
pc
  0  prim-elaborate t
env
  t = ‹a›
stack
  call, 0 instruction(s) to resume
thena spine> :step
pc
  0  ref36n = fresh-name "refined"
  1  ref36 = define ref36n ⌜a⌝
  2  ty36 = typeof ref36
  3  goal36 = goal
  4  unify-into ty36 goal36
  5  prim-try ref36
  6  prim-solve
env
  t = ‹a›
stack
  call, 0 instruction(s) to resume
thena spine> :step
pc
  0  ref36 = define ref36n ⌜a⌝
  1  ty36 = typeof ref36
  2  goal36 = goal
  3  unify-into ty36 goal36
  4  prim-try ref36
  5  prim-solve
env
  ref36n = "refined"
  t = ‹a›
stack
  call, 0 instruction(s) to resume
thena spine> :step
pc
  0  ty36 = typeof ref36
  1  goal36 = goal
  2  unify-into ty36 goal36
  3  prim-try ref36
  4  prim-solve
env
  ref36 = ⌜refined⌝
  ref36n = "refined"
  t = ‹a›
stack
  call, 0 instruction(s) to resume
thena spine> :step
pc
  0  goal36 = goal
  1  unify-into ty36 goal36
  2  prim-try ref36
  3  prim-solve
env
  ty36 = ⌜A⌝
  ref36 = ⌜refined⌝
  ref36n = "refined"
  t = ‹a›
stack
  call, 0 instruction(s) to resume
thena spine> :step
pc
  0  unify-into ty36 goal36
  1  prim-try ref36
  2  prim-solve
env
  goal36 = ⌜A⌝
  ty36 = ⌜A⌝
  ref36 = ⌜refined⌝
  ref36n = "refined"
  t = ‹a›
stack
  call, 0 instruction(s) to resume
thena spine> :step off
thena spine> :quit
