thena spine> :theorem const : ∀ (A : Type₀) (a : A) -> A
proving const : ∀ (A : Type₀) -> A -> A
thena spine> attack
thena spine> intro
thena spine> intro
thena spine> into
thena spine> along
thena spine> along
thena spine> :where
focus
  let ? const1 : A in
path
  root ▸ ≐ const ▸ A ▸ a
context
  A : Type₀
  a : A
type
  A
thena spine> :matches
attack
try-core ‹t›
abandon
eliminate-core ‹t›
prove
elaborate ‹t›
unify-refine-core ‹t›
apply-core ‹f›
thena spine> elaborate a
thena spine> :show
  let ? const : ∀ (A : Type₀) -> A -> A ≐ (
    λ (A : Type₀) ->
    λ (a : A) ->
▶   let const1 = a : A in
    const1
  ) in
  const
thena spine> back
thena spine> back
thena spine> back
thena spine> solve
thena spine> qed
const : ∀ (A : Type₀) -> A -> A   ∎
thena spine> :show const
const : ∀ (A : Type₀) -> A -> A
const = let const = λ (A : Type₀) (a : A) -> let const1 = a : A in const1 : ∀ (A : Type₀) -> A -> A in const
thena spine> :theorem again : ∀ (A : Type₀) (a : A) -> A
proving again : ∀ (A : Type₀) -> A -> A
thena spine> attack
thena spine> intro
thena spine> intro
thena spine> into
thena spine> along
thena spine> along
thena spine> elaborate b
stuck: not in scope: b
thena spine> elaborate (a a)
stuck: elaboration has no rule for an application yet
thena spine> :abandon
abandoned again
thena spine> :theorem shown : ∀ (A : Type₀) (a : A) -> A
proving shown : ∀ (A : Type₀) -> A -> A
thena spine> attack
thena spine> intro
thena spine> intro
thena spine> into
thena spine> along
thena spine> along
thena spine> :step on
thena spine> elaborate a
pc
  0  prim-elaborate t
env
  t = ‹a›
stack
  call, 0 instruction(s) to resume
thena spine> :step
pc
  0  prim-try ⌜a⌝
  1  prim-solve
env
  t = ‹a›
stack
  call, 0 instruction(s) to resume
thena spine> :step
pc
  0  prim-solve
env
  t = ‹a›
stack
  call, 0 instruction(s) to resume
thena spine> :step
pc
  (empty)
env
  t = ‹a›
stack
  call, 0 instruction(s) to resume
thena spine> :step
pc
  (empty)
env
  (empty)
stack
  (empty)
thena spine> :step
thena spine> :step off
thena spine> :quit
