thena spine> data Nat : Type₀ where { zero : Nat ; succ : Nat -> Nat }
declared Nat
thena spine> data Fin : Nat -> Type₀ where { fz : ∀ (n : Nat) -> Fin (succ n) ; fs : ∀ (n : Nat) (i : Fin n) -> Fin (succ n) }
declared Fin
thena spine> :theorem noEq : ∀ (n : Nat) (i : Fin n) -> Nat
proving noEq : ∀ (n : Nat) -> Fin n -> Nat
thena spine> attack
thena spine> intro
thena spine> intro
thena spine> into
thena spine> along
thena spine> along
thena spine> eliminate-core ⌜ i ⌝
stuck: eliminating at indices needs Eq, which is not declared
thena spine> eliminate-core ⌜ n ⌝
subgoals: zeroMethod, succMethod
thena spine> :abandon
abandoned noEq
thena spine> data Eq (A : Type) : A -> A -> Type where { refl : ∀ (a : A) -> Eq A a a }
declared Eq
thena spine> data Unit : Type where { unit : Unit }
declared Unit
thena spine> data Empty : Type where { }
declared Empty
thena spine> data And (A : Type) (B : Type) : Type where { both : ∀ (a : A) (b : B) -> And A B }
declared And
thena spine> data Below : ∀ (n : Nat) (i : Fin n) -> Type₀ where { bz : ∀ (m : Nat) -> Below (succ m) (fz m) ; bs : ∀ (m : Nat) (j : Fin m) (b : Below m j) -> Below (succ m) (fs m j) }
no noConfusionBelow: bs's argument j has a type that depends on an earlier argument, so its equation cannot be stated
declared Below
thena spine> :theorem probe : ∀ (n : Nat) (i : Fin n) (b : Below n i) -> Nat
proving probe : ∀ (n : Nat) (i : Fin n) -> Below n i -> Nat
thena spine> attack
thena spine> intro
thena spine> intro
thena spine> intro
thena spine> into
thena spine> along
thena spine> along
thena spine> along
thena spine> :matches
attack
try-core ‹t›
abandon
eliminate-core ‹t›
prove
elaborate ‹t›
unify-refine-core ‹t›
apply-core ‹f›
thena spine> eliminate-core ⌜ Type₀ ⌝
stuck: Type₀ is not a target: its type is Type₁, not a fully applied datatype
thena spine> eliminate-core ⌜ succ ⌝
stuck: succ is not a target: its type is Nat -> Nat, not a fully applied datatype
thena spine> eliminate-core ⌜ b ⌝
subgoals: bzMethod, bsMethod
thena spine> :where
focus
  let ? probe1 : Nat ≐ (
path
  root ▸ ≐ probe ▸ n ▸ i ▸ b ▸ bzMethod ▸ bsMethod
context
  n : Nat
  i : Fin n
  b : Below n i
  bzMethod : ∀ (m : Nat) -> Eq {0} Nat (succ m) n -> Nat
  bsMethod : ∀ (m : Nat) (j : Fin m) -> Below m j -> (Eq {0} Nat m n -> Nat) -> Eq {0} Nat (succ m) n -> Nat
type
  Nat
thena spine> attack
stuck: no clause of attack applies here
thena spine> eliminate-core ⌜ n ⌝
stuck: no clause of eliminate-core applies here
thena spine> :abandon
abandoned probe
thena spine> :theorem tied : ∀ (m : Nat) (b : Below (succ m) (fz m)) -> Nat
proving tied : ∀ (m : Nat) -> Below (succ m) (fz m) -> Nat
thena spine> attack
thena spine> intro
thena spine> intro
thena spine> into
thena spine> along
thena spine> along
thena spine> eliminate-core ⌜ b ⌝
stuck: index 2 (i) has a type that depends on an earlier index,
  so the equation constraining it cannot be stated
thena spine> :quit
