thena spine> :help
a bare word acts, a word with a colon looks.

  assume ‹x› : ‹S›              add a hypothesis above the focus
  claim ‹x› : ‹S›               add a hole above the focus
  unify ‹t› ≟ ‹u›               solve the focus by unification
  retry / retry ‹n›             backtrack to a choice point
  along  into  back             move on the chain
  cross type / cross val        move into a term
  fun arg dom cod val type body motive target
                                descend into a field of the focused term
  arg ‹n› param ‹n› method ‹n› index ‹n›
                                descend into a numbered field
  goto ‹hole›                   move to a hole by name
  reduce                        reduce the focused term in place
  quantify ‹x› : ‹S›            add a ∀-binder above the focus
  data ‹D› … where { … }        declare an inductive family
  declare ‹sig› ; ‹equation›    elaborate a surface declaration
  certify ‹type›                ask the kernel about the development
  qed                           certify and admit the finished proof

  :show / :show ‹name›          the development / a global
  :where                        focus, path, context, expected type
  :core ‹t› / :dev ‹p›          parse a term / a development and print it
  :surface ‹t›                  parse a surface term and print it
  :infer / :infer ‹t›           the type of the focus / of a surface term
  :whnf / :whnf ‹t›             reduce the focus / a term, without committing
  :convert ‹t› ≟ ‹u›            are two terms convertible
  :elim ‹D› [‹universe›]        a datatype’s elimination rule
  :matches                      which rules apply here
  :choices                      the live choice points, nearest first
  :bases / :rules               the loaded rule bases / the rules in them
  :step on / :step / :step off  single-step the machine
  :run                          let a stepping machine run on
  :theorem ‹x› : ‹T›            start a proof
  :goal ‹T›                     discard everything and start a scratch goal
  :suspend / :resume ‹name›     put a proof aside / take it up again
  :proofs                       the current proof and the suspended ones
  :abandon                      give up the current proof
  :undo                         take back the last line
  :extract                      the term the development stands for
  :revalidate                   recheck the whole development
  :load ‹path›                  a proof module, a script, or rule bases
  :load proof / rules / script  say which, rather than by extension
  :help                         this list
  :quit                         leave

any other bare word calls a rule of that name; :rules lists them.
docs/MANUAL.md is the full reference.
thena spine> :nonesuch
no such command: :nonesuch — :help lists them
thena spine> :quit
