thena spine> data Eq (A : Type) : A -> A -> Type where { refl : ∀ (a : A) -> Eq A a a }
declared Eq
thena spine> data Nat : Type₀ where { zero : Nat ; succ : Nat -> Nat }
declared Nat
thena spine> :theorem plus : Nat -> Nat -> Nat
proving plus : Nat -> Nat -> Nat
thena spine> try-core ⌜ \ (n : Nat) (m : Nat) -> elim Nat () (\ (t : Nat) -> Nat) (m (\ (k : Nat) (ih : Nat) -> succ ih)) () n ⌝
thena spine> solve
thena spine> qed
plus : Nat -> Nat -> Nat   ∎
thena spine> :whnf plus (succ zero) (succ zero)
succ (elim Nat () (λ (t : Nat) -> Nat) ((succ zero) (λ (k : Nat) (ih : Nat) -> succ ih)) () zero)
thena spine> :theorem congSucc : ∀ (a : Nat) (b : Nat) (e : Eq {0} Nat a b) -> Eq {0} Nat (succ a) (succ b)
proving congSucc : ∀ (a : Nat) (b : Nat) -> Eq {0} Nat a b -> Eq {0} Nat (succ a) (succ b)
thena spine> attack
thena spine> intro
thena spine> intro
thena spine> intro
thena spine> into
thena spine> along
thena spine> along
thena spine> along
thena spine> eliminate-core ⌜ e ⌝
subgoals: reflMethod
thena spine> back
thena spine> :where
focus
  let ? reflMethod : ∀ (a1 : Nat) -> Eq {0} Nat (succ a1) (succ a1) in
path
  root ▸ ≐ congSucc ▸ a ▸ b ▸ e
context
  a : Nat
  b : Nat
  e : Eq {0} Nat a b
type
  ∀ (a1 : Nat) -> Eq {0} Nat (succ a1) (succ a1)
thena spine> try-core ⌜ \ (c : Nat) -> refl {0} Nat (succ c) ⌝
thena spine> solve
thena spine> along
thena spine> solve
thena spine> back
thena spine> back
thena spine> back
thena spine> back
thena spine> back
thena spine> solve
thena spine> qed
congSucc : ∀ (a : Nat) (b : Nat) -> Eq {0} Nat a b -> Eq {0} Nat (succ a) (succ b)   ∎
thena spine> :theorem plusZero : ∀ (n : Nat) -> Eq {0} Nat (plus n zero) n
proving plusZero : ∀ (n : Nat) -> Eq {0} Nat (plus n zero) n
thena spine> attack
thena spine> intro
thena spine> into
thena spine> along
thena spine> eliminate-core ⌜ n ⌝
subgoals: zeroMethod, succMethod
thena spine> :show
  let ? plusZero : ∀ (n : Nat) -> Eq {0} Nat (plus n zero) n ≐ (
    λ (n : Nat) ->
    let ? zeroMethod : Eq {0} Nat (plus zero zero) zero in
    let ? succMethod : ∀ (x : Nat) -> Eq {0} Nat (plus x zero) x -> Eq {0} Nat (plus (succ x) zero) (succ x) in
▶   let ? plusZero1 : Eq {0} Nat (plus n zero) n ≐ (
      elim Nat () (λ (target : Nat) -> Eq {0} Nat (plus target zero) target) (zeroMethod succMethod) () n
    ) in
    plusZero1
  ) in
  plusZero
thena spine> back
thena spine> back
thena spine> try-core ⌜ refl {0} Nat zero ⌝
thena spine> solve
thena spine> along
thena spine> try-core ⌜ \ (x : Nat) (ih : Eq {0} Nat (plus x zero) x) -> congSucc (plus x zero) x ih ⌝
thena spine> solve
thena spine> along
thena spine> solve
thena spine> back
thena spine> back
thena spine> back
thena spine> back
thena spine> solve
thena spine> qed
plusZero : ∀ (n : Nat) -> Eq {0} Nat (plus n zero) n   ∎
thena spine> :show plusZero
plusZero : ∀ (n : Nat) -> Eq {0} Nat (plus n zero) n
plusZero = let plusZero = λ (n : Nat) -> let zeroMethod = refl {0} Nat zero : Eq {0} Nat (plus zero zero) zero in let succMethod = λ (x : Nat) (ih : Eq {0} Nat (plus x zero) x) -> congSucc (plus x zero) x ih : ∀ (x : Nat) -> Eq {0} Nat (plus x zero) x -> Eq {0} Nat (plus (succ x) zero) (succ x) in let plusZero1 = elim Nat () (λ (target : Nat) -> Eq {0} Nat (plus target zero) target) (zeroMethod succMethod) () n : Eq {0} Nat (plus n zero) n in plusZero1 : ∀ (n : Nat) -> Eq {0} Nat (plus n zero) n in plusZero
thena spine> :quit
