thena spine> :rules
standard
  attack
  try-core ‹t›
  abandon
  intro
  intro
  solve
  regret
  eliminate-core ‹t›
  prove
  prove
  fill ‹t›
  unify-refine-core ‹t›
  apply-core ‹f›
  elaborate ‹t›
  elaborate ‹t›
  elaborate ‹t›
  elaborate ‹t›
  elaborate ‹t›
  elaborate ‹t›
  elaborate ‹t›
  elaborate ‹t›
  elaborate ‹t›
  elaborate ‹t›
  elaborate ‹t›
  elaborate ‹t›
  elaborate ‹t›
  elaborate ‹t›
  elaborate ‹t›
  elaborate ‹t›
  intro-binders ‹t›
  intro-binders ‹t›
  enter-binders ‹t›
  enter-binders ‹t›
  spine-arguments ‹h› ‹f› ‹t›
  spine-arguments ‹h› ‹f› ‹t›
thena spine> :matches
attack
try-core ‹t›
abandon
eliminate-core ‹t›
prove
fill ‹t›
unify-refine-core ‹t›
apply-core ‹f›
elaborate ‹t›
elaborate ‹t›
elaborate ‹t›
elaborate ‹t›
elaborate ‹t›
elaborate ‹t›
elaborate ‹t›
elaborate ‹t›
elaborate ‹t›
elaborate ‹t›
elaborate ‹t›
elaborate ‹t›
elaborate ‹t›
elaborate ‹t›
elaborate ‹t›
elaborate ‹t›
enter-binders ‹t›
enter-binders ‹t›
spine-arguments ‹h› ‹f› ‹t›
spine-arguments ‹h› ‹f› ‹t›
thena spine> attack
thena spine> :matches
solve
regret
prove
intro-binders ‹t›
intro-binders ‹t›
enter-binders ‹t›
enter-binders ‹t›
spine-arguments ‹h› ‹f› ‹t›
spine-arguments ‹h› ‹f› ‹t›
thena spine> cross type
thena core> :matches
no rule applies here
thena core> back
thena spine> :theorem id : ∀ (A : Type₀) -> A -> A
proving id : ∀ (A : Type₀) -> A -> A
thena spine> :matches
attack
try-core ‹t›
abandon
eliminate-core ‹t›
prove
fill ‹t›
unify-refine-core ‹t›
apply-core ‹f›
elaborate ‹t›
elaborate ‹t›
elaborate ‹t›
elaborate ‹t›
elaborate ‹t›
elaborate ‹t›
elaborate ‹t›
elaborate ‹t›
elaborate ‹t›
elaborate ‹t›
elaborate ‹t›
elaborate ‹t›
elaborate ‹t›
elaborate ‹t›
elaborate ‹t›
elaborate ‹t›
enter-binders ‹t›
enter-binders ‹t›
spine-arguments ‹h› ‹f› ‹t›
spine-arguments ‹h› ‹f› ‹t›
thena spine> attack
thena spine> :matches
intro
solve
regret
prove
intro-binders ‹t›
intro-binders ‹t›
enter-binders ‹t›
enter-binders ‹t›
spine-arguments ‹h› ‹f› ‹t›
spine-arguments ‹h› ‹f› ‹t›
thena spine> intro
thena spine> into
thena spine> along
thena spine> :where
focus
  let ? id1 : A -> A in
path
  root ▸ ≐ id ▸ A
context
  A : Type₀
type
  A -> A
thena spine> :matches
attack
try-core ‹t›
abandon
eliminate-core ‹t›
prove
fill ‹t›
unify-refine-core ‹t›
apply-core ‹f›
elaborate ‹t›
elaborate ‹t›
elaborate ‹t›
elaborate ‹t›
elaborate ‹t›
elaborate ‹t›
elaborate ‹t›
elaborate ‹t›
elaborate ‹t›
elaborate ‹t›
elaborate ‹t›
elaborate ‹t›
elaborate ‹t›
elaborate ‹t›
elaborate ‹t›
elaborate ‹t›
enter-binders ‹t›
enter-binders ‹t›
spine-arguments ‹h› ‹f› ‹t›
spine-arguments ‹h› ‹f› ‹t›
thena spine> :abandon
abandoned id
thena spine> :theorem c : ∀ (A : Type₀) -> Type₀
proving c : Type₀ -> Type₀
thena spine> attack
thena spine> intro
thena spine> :matches
intro
solve
regret
prove
intro-binders ‹t›
intro-binders ‹t›
enter-binders ‹t›
enter-binders ‹t›
spine-arguments ‹h› ‹f› ‹t›
spine-arguments ‹h› ‹f› ‹t›
thena spine> intro
stuck: that hole's type is neither a ∀ nor a let
thena spine> :abandon
abandoned c
thena spine> :theorem l : let x = Type₀ : Type₁ in x
proving l : let x = Type₀ : Type₁ in x
thena spine> attack
thena spine> :matches
intro
solve
regret
prove
intro-binders ‹t›
intro-binders ‹t›
enter-binders ‹t›
enter-binders ‹t›
spine-arguments ‹h› ‹f› ‹t›
spine-arguments ‹h› ‹f› ‹t›
thena spine> intro
thena spine> :show
▶ let ? l : let x = Type₀ : Type₁ in x ≐ (
    let x = Type₀ : Type₁ in
    let ? l1 : x in
    l1
  ) in
  l
thena spine> :quit
