thena spine> data Eq {l} (A : Type {l}) : A -> A -> Type {l} where { refl {0} : ∀ (a : A) -> Eq {0} A a a }
1:57: unexpected {
thena spine> data Unit {l} : Type {l} where { unit : Unit }
declared Unit
thena spine> data Empty {l} : Type {l} where { }
declared Empty
thena spine> data And (A : Type₀) (B : Type₀) : Type₀ where { both {0} : ∀ (a : A) (b : B) -> And {0} A B }
1:50: unexpected {
thena spine> data Term : Type₀ where { true : Term ; false : Term ; ifthen : Term -> Term -> Term -> Term ; zero : Term ; succ : Term -> Term }
declared Term
thena spine> :show noConfusionTerm
nothing named noConfusionTerm has been declared
thena spine> :whnf NoConfusionTerm true true
not in scope: NoConfusionTerm
thena spine> :whnf NoConfusionTerm true (succ zero)
not in scope: NoConfusionTerm
thena spine> :whnf NoConfusionTerm (succ true) (succ zero)
not in scope: NoConfusionTerm
thena spine> :whnf NoConfusionTerm (ifthen true zero zero) (ifthen false zero zero)
not in scope: NoConfusionTerm
thena spine> :goal ∀ (a : Term) (b : Term) -> Eq {0} Term (succ a) (succ b) -> Eq {0} Term a b
not in scope: Eq
thena spine> along
thena core> unify goal ≟ \ (a : Term) (b : Term) (e : Eq {0} Term (succ a) (succ b)) -> noConfusionTerm (succ a) (succ b) e
not in scope: Eq
thena core> :extract
stuck: not finished: the hole goal is still open, so there is no term yet
thena core> certify ∀ (a : Term) (b : Term) -> Eq {0} Term (succ a) (succ b) -> Eq {0} Term a b
not in scope: Eq
thena core> back
thena spine> data Nat : Type₀ where { zero' : Nat ; succ' : Nat -> Nat }
declared Nat
thena spine> data Vec (A : Type₀) : Nat -> Type₀ where { nil : Vec A zero' ; cons : ∀ (n : Nat) (a : A) (as : Vec A n) -> Vec A (succ' n) }
declared Vec
thena spine> :show noConfusionVec
nothing named noConfusionVec has been declared
thena spine> :quit
