thena spine> :step on
thena spine> assume A : Type₀
pc
  0  say "assumed A"
env
  (empty)
stack
  (empty)
thena spine> :step
assumed A
pc
  (empty)
env
  (empty)
stack
  (empty)
thena spine> :step
thena spine> :step off
thena spine> claim h : Type₀
claimed h
thena spine> :show
  λ (A : Type₀) ->
  let ? h : Type₀ in
▶ let ? goal : Type₀ in
  goal
