thena spine> data Nat : Type₀ where { zero : Nat ; succ : Nat -> Nat }
declared Nat
thena spine> data Eq (A : Type) : A -> A -> Type where { refl : ∀ (a : A) -> Eq A a a }
declared Eq
thena spine> declare honest : Eq Nat zero zero ; honest = trusted (Eq Nat zero zero) (refl Nat zero)
chose 44: elaborate
solved: ?ℓ45
already equal
already equal
solved: ?ℓ45
chose 56: elaborate
solved: ?ℓ57
already equal
already equal
solved: ?ℓ57
chose 68: elaborate
solved: ?ℓ69
already equal
solved: A
solved: ?ℓ54
thena spine> declare liar : Eq Nat zero (succ zero) ; liar = trusted (Eq Nat zero (succ zero)) (refl Nat zero)
chose 79: elaborate
solved: ?ℓ80
already equal
chose 86: elaborate
already equal
already equal
solved: ?ℓ80
chose 94: elaborate
solved: ?ℓ95
already equal
chose 101: elaborate
already equal
already equal
solved: ?ℓ95
chose 109: elaborate
solved: ?ℓ110
already equal
solved: A
solved: ?ℓ92
thena spine> :trust none
trust: no trust
  resting on nothing
thena spine> :theorem viaHonest : Eq {0} Nat zero zero
proving viaHonest : Eq {0} Nat zero zero
thena spine> attack
thena spine> into
thena spine> try-core ⌜ honest {0} ⌝
thena spine> solve
thena spine> back
thena spine> solve
thena spine> :trust
trust: no trust
  discharged, at the use of honest
    claims Eq {0} Nat zero zero
    body   Eq {0} Nat zero zero
thena spine> qed
viaHonest : Eq {0} Nat zero zero   ∎
  discharged, at the use of honest
    claims Eq {0} Nat zero zero
    body   Eq {0} Nat zero zero
thena spine> :theorem viaLiar : Eq {0} Nat zero (succ zero)
proving viaLiar : Eq {0} Nat zero (succ zero)
thena spine> attack
thena spine> into
thena spine> try-core ⌜ liar {0} ⌝
thena spine> solve
thena spine> back
thena spine> solve
thena spine> :trust
trust: no trust
  undischargeable, at the use of liar
    claims Eq {0} Nat zero (succ zero)
    body   Eq {0} Nat zero zero
thena spine> qed
certified
the trust level refused it
trust: no trust
  undischargeable, at the use of liar
    claims Eq {0} Nat zero (succ zero)
    body   Eq {0} Nat zero zero
thena spine> :trust any
trust: any trust
  undischargeable, at the use of liar
    claims Eq {0} Nat zero (succ zero)
    body   Eq {0} Nat zero zero
thena spine> qed
viaLiar : Eq {0} Nat zero (succ zero)   ∎
  undischargeable, at the use of liar
    claims Eq {0} Nat zero (succ zero)
    body   Eq {0} Nat zero zero
thena spine> :quit
