thena spine> :theorem vacuous : Type₁
proving vacuous : Type₁
thena spine> try-core ⌜ (\ (y : Type) -> y) ((\ (x : Type) -> x) Type₁) ⌝
thena spine> solve
thena spine> :revalidate
no levels satisfy all of these at once:
  ?ℓ4 ≤ ?ℓ2
  ?ℓ2 ≤ 1
  2 ≤ ?ℓ4
thena spine> qed
the kernel refused it
no levels satisfy all of these at once:
  ?ℓ4 ≤ ?ℓ2
  ?ℓ2 ≤ 1
  2 ≤ ?ℓ4
thena spine> :show vacuous
nothing named vacuous has been declared
thena spine> :quit
