thena spine> data Nat : Type₀ where { zero : Nat ; succ : Nat -> Nat }
declared Nat
thena spine> :theorem t : Nat
proving t : Nat
thena spine> elaborate (do { h = here ; yield "look at this" ; goto h ; prove })
look at this
(yield to hand control back)
thena spine> :show
▶ let ? t : Nat in
  t
thena spine> assume w : Nat
assumed w
look at this
(yield to hand control back)
thena spine> :show
  λ (w : Nat) ->
▶ let ? t : Nat in
  t
thena spine> :infer succ zero
already equal
solved: Tinfer
look at this
(yield to hand control back)
thena spine> :revalidate
valid
thena spine> goto h
stuck: that names no hole or guess
thena spine> do { goto h }
look at this
(yield to hand control back)
thena spine> do { k = here }
look at this
(yield to hand control back)
thena spine> do { goto k }
look at this
(yield to hand control back)
thena spine> yield
chose 11: attack
thena spine> yield
nothing has yielded
thena spine> :quit
